Test content from Python script
Created at: 2025-08-16 22:28:28
